// Jest Snapshot v1, https://goo.gl/fbAQLP

exports[`matches snapshot 1`] = `"<div class=\\"logentry\\"><div class=\\"img\\"></div><section class=\\"head\\"><h2>Construction log:</h2></section></div><div class=\\"logentry\\"><div class=\\"img\\"></div><section><header><h3>Building Farm Level 1</h3><h3>06:50</h3></header><progress id=\\"subjectProgress\\" value=\\"99\\" max=\\"100\\"></progress></section></div><div class=\\"logentry\\"><div class=\\"img\\"></div><section><header><h3>Upgrading Academy to Level 2</h3><h3>03:25</h3></header><progress id=\\"subjectProgress\\" value=\\"98\\" max=\\"100\\"></progress></section></div><div class=\\"logentry\\"><div class=\\"img\\"></div><section><header><h3>Building Troop Level 1</h3><h3>03:25</h3></header><progress id=\\"subjectProgress\\" value=\\"4\\" max=\\"100\\"></progress></section></div><div class=\\"logentry\\"><div class=\\"img\\"></div><section><header><h3>My Kingdom</h3><h3>03:25</h3></header><p>Troop upgraded!</p></section></div><div class=\\"logentry\\"><div class=\\"img\\"></div><section><header><h3>My Kingdom</h3><h3>03:25</h3></header><p>You have a new Farm!</p></section></div><div class=\\"logentry\\"><div class=\\"img\\"></div><section><header><h3>Upgrading Troop to Level 2</h3><h3>03:25</h3></header><progress id=\\"subjectProgress\\" value=\\"38\\" max=\\"100\\"></progress></section></div>"`;
