// Jest Snapshot v1, https://goo.gl/fbAQLP

exports[`TroopUpgradeBox tests matches snapeshot 1`] = `""`;
