// Jest Snapshot v1, https://goo.gl/fbAQLP

exports[`matches snapeshot 1`] = `"<div class=\\"troops component\\"><img class=\\"troops component image\\" src=\\"troopbg.svg\\" alt=\\"troop icon\\"><div class=\\"troops component info\\"><p>Attack: 4</p><p>Defence: 4</p><p>Sustenance: 3</p></div><div class=\\"troops component main\\"><div class=\\"troopsButton\\"><button class=\\"MuiButtonBase-root MuiButton-root MuiButton-text troops button MuiButton-textSizeSmall MuiButton-sizeSmall\\" tabindex=\\"0\\" type=\\"button\\"><span class=\\"MuiButton-label\\"><img class=\\"troops button image\\" src=\\"troops.svg\\" alt=\\"troop icon\\"><p>2 Troop level 1</p></span><span class=\\"MuiTouchRipple-root\\"></span></button><div class=\\"costLabel\\"><p>Upgrade <br>10 <img class=\\"inlineIcon\\" src=\\"GoldIcon.svg\\" alt=\\"attack icon\\"> per troop</p></div><div></div></div><div class=\\"troopsButton\\"><button class=\\"MuiButtonBase-root MuiButton-root MuiButton-text troops button MuiButton-textSizeSmall MuiButton-sizeSmall\\" tabindex=\\"0\\" type=\\"button\\"><span class=\\"MuiButton-label\\"><img class=\\"troops button image\\" src=\\"troops.svg\\" alt=\\"troop icon\\"><p>1 Troop level 2</p></span><span class=\\"MuiTouchRipple-root\\"></span></button><div class=\\"costLabel\\"><p>Upgrade <br>10 <img class=\\"inlineIcon\\" src=\\"GoldIcon.svg\\" alt=\\"attack icon\\"> per troop</p></div><div></div></div></div></div>"`;
