// Jest Snapshot v1, https://goo.gl/fbAQLP

exports[`matches snapeshot 1`] = `"<div class=\\"academy\\"><img class=\\"academy\\" src=\\"barracks.svg\\" alt=\\"academy icon\\"><div class=\\"description\\"><p>You can create troops in your Academy. The higher level your Academy is, the stronger your troops are.</p><p>Every level increases 1 <img class=\\"inlineIcon\\" src=\\"attack1.png\\" alt=\\"attack icon\\"> and 1 <img class=\\"inlineIcon\\" src=\\"defence1.png\\" alt=\\"defence icon\\"> of the Troops.</p><p>Every Troop eats 1 <img class=\\"inlineIcon\\" src=\\"FoodIcon.svg\\" alt=\\"food icon\\"> every minute.</p></div><div class=\\"academyinfo\\"><p>Academy</p><p>Level undefined</p></div><button class=\\"MuiButtonBase-root MuiButton-root MuiButton-text addtroopBTN\\" tabindex=\\"0\\" type=\\"button\\"><span class=\\"MuiButton-label\\"><img class=\\"addtroop\\" src=\\"addTroop-removebg-preview.png\\" alt=\\"troop icon\\"><div><p>create troop level 1</p><p>10 <img class=\\"inlineIcon\\" src=\\"GoldIcon.svg\\" alt=\\"gold icon\\"> 1:00</p></div></span><span class=\\"MuiTouchRipple-root\\"></span></button><p></p></div>"`;
